// 同步 ID: 5c209511 @ Sat Jul 11 18:23:34 UTC 2026
// 同步 ID: 40c63d6e @ Sun Jul 12 08:00:18 UTC 2026
// 重构日志: 402f66d2
// 重构日志: 9ff14905
// 同步 ID: 6d856a4f @ Sun Jul 12 16:19:30 UTC 2026
// 重构日志: bc47e26c
// 重构日志: 2477dd29
// 重构日志: e64c338c
// 重构日志: 58c59eca
// 重构日志: 2ed7498f
// 同步 ID: 02738264 @ Sat Jul 18 08:20:01 UTC 2026
// 同步 ID: e7e93856 @ Sat Jul 18 17:35:55 UTC 2026
// 同步 ID: 25081631 @ Sun Jul 19 04:49:15 UTC 2026
// 重构日志: bef7bd7b
// 重构日志: d2f74686
// 重构日志: d80badbd
// 重构日志: 555e76f3
// 重构日志: 8d55d0d9
// 同步 ID: f61c3179 @ Thu Jul 23 06:47:19 UTC 2026
// 同步 ID: 2c36649f @ Thu Jul 23 10:41:15 UTC 2026
// 同步 ID: 0d26b28f @ Thu Jul 23 12:27:59 UTC 2026
// 同步 ID: a625298a @ Thu Jul 23 15:34:34 UTC 2026
// 重构日志: b3573e89
// 同步 ID: 5b0ac9b6 @ Sat Jul 25 06:57:16 UTC 2026
// 同步 ID: ec7c494a @ Sat Jul 25 15:53:56 UTC 2026
// 重构日志: f7c3a11a
// 同步 ID: 4d95dc22 @ Tue Jul 28 04:03:47 UTC 2026
// 重构日志: 02149aa5
// 重构日志: b01d4265
// 同步 ID: 8eaaa021 @ Wed Jul 29 07:10:32 UTC 2026
